05:33:55 INFO train: cic2018/temporal: 1662 train / 467 val cells, train positive rate 0.2912
05:33:55 INFO sih_v2.models.trainer: training sequences: 1662 (benign-only segments sub-sampled every 1)
05:33:59 INFO sih_v2.models.trainer: [world-model seed 0] epoch 01 loss 4.329 | val selection 0.2785 (3.2s)
05:34:03 INFO sih_v2.models.trainer: [world-model seed 0] epoch 02 loss 4.159 | val selection 0.3061 (3.8s)
05:34:06 INFO sih_v2.models.trainer: [world-model seed 0] epoch 03 loss 3.830 | val selection 0.3124 (3.3s)
05:34:10 INFO sih_v2.models.trainer: [world-model seed 0] epoch 04 loss 3.541 | val selection 0.3257 (3.2s)
05:34:13 INFO sih_v2.models.trainer: [world-model seed 0] epoch 05 loss 3.360 | val selection 0.3723 (3.2s)
05:34:16 INFO sih_v2.models.trainer: [world-model seed 0] epoch 06 loss 3.286 | val selection 0.3661 (3.2s)
05:34:19 INFO sih_v2.models.trainer: [world-model seed 0] epoch 07 loss 3.143 | val selection 0.4034 (3.2s)
05:34:23 INFO sih_v2.models.trainer: [world-model seed 0] epoch 08 loss 2.846 | val selection 0.4125 (3.3s)
05:34:26 INFO sih_v2.models.trainer: [world-model seed 0] epoch 09 loss 2.713 | val selection 0.4048 (3.2s)
05:34:29 INFO sih_v2.models.trainer: [world-model seed 0] epoch 10 loss 2.635 | val selection 0.3939 (3.3s)
05:34:32 INFO sih_v2.models.trainer: [world-model seed 0] epoch 11 loss 2.625 | val selection 0.3920 (3.2s)
05:34:36 INFO sih_v2.models.trainer: [world-model seed 0] epoch 12 loss 2.549 | val selection 0.3650 (3.3s)
05:34:39 INFO sih_v2.models.trainer: [world-model seed 0] epoch 13 loss 2.520 | val selection 0.3994 (3.4s)
05:34:42 INFO sih_v2.models.trainer: [world-model seed 0] epoch 14 loss 2.453 | val selection 0.3596 (3.3s)
05:34:46 INFO sih_v2.models.trainer: [world-model seed 0] epoch 15 loss 2.417 | val selection 0.3625 (3.3s)
05:34:49 INFO sih_v2.models.trainer: [world-model seed 0] epoch 16 loss 2.359 | val selection 0.3690 (3.6s)
05:34:53 INFO sih_v2.models.trainer: [world-model seed 0] epoch 17 loss 2.331 | val selection 0.3671 (3.4s)
05:34:56 INFO sih_v2.models.trainer: [world-model seed 0] epoch 18 loss 2.333 | val selection 0.3796 (3.4s)
05:34:56 INFO sih_v2.models.trainer: early stopping
05:34:56 INFO train: seed 0: fusion {'direct': 0.0, 'rollout': 0.4, 'markov': 0.6} thresholds {'direct': 0.567, 'rollout': 0.733, 'markov': 0.778, 'fused': 0.743} val-select 0.4326 surprise AUC 0.539 (sign +1)
05:34:56 INFO sih_v2.models.trainer: training sequences: 1662 (benign-only segments sub-sampled every 1)
05:34:57 INFO sih_v2.models.trainer: [lstm-baseline seed 0] epoch 01 loss 1.484 | val selection 0.3138 (0.5s)
05:34:58 INFO sih_v2.models.trainer: [lstm-baseline seed 0] epoch 02 loss 1.048 | val selection 0.3244 (0.5s)
05:34:58 INFO sih_v2.models.trainer: [lstm-baseline seed 0] epoch 03 loss 0.796 | val selection 0.3105 (0.5s)
05:34:59 INFO sih_v2.models.trainer: [lstm-baseline seed 0] epoch 04 loss 0.705 | val selection 0.3415 (0.5s)
05:34:59 INFO sih_v2.models.trainer: [lstm-baseline seed 0] epoch 05 loss 0.599 | val selection 0.3637 (0.6s)
05:35:00 INFO sih_v2.models.trainer: [lstm-baseline seed 0] epoch 06 loss 0.533 | val selection 0.4005 (0.5s)
05:35:00 INFO sih_v2.models.trainer: [lstm-baseline seed 0] epoch 07 loss 0.486 | val selection 0.3651 (0.5s)
05:35:01 INFO sih_v2.models.trainer: [lstm-baseline seed 0] epoch 08 loss 0.405 | val selection 0.3269 (0.5s)
05:35:01 INFO sih_v2.models.trainer: [lstm-baseline seed 0] epoch 09 loss 0.391 | val selection 0.3368 (0.5s)
05:35:02 INFO sih_v2.models.trainer: [lstm-baseline seed 0] epoch 10 loss 0.347 | val selection 0.3221 (0.5s)
05:35:02 INFO sih_v2.models.trainer: [lstm-baseline seed 0] epoch 11 loss 0.329 | val selection 0.3205 (0.5s)
05:35:03 INFO sih_v2.models.trainer: [lstm-baseline seed 0] epoch 12 loss 0.291 | val selection 0.3084 (0.5s)
05:35:03 INFO sih_v2.models.trainer: [lstm-baseline seed 0] epoch 13 loss 0.276 | val selection 0.3220 (0.5s)
05:35:04 INFO sih_v2.models.trainer: [lstm-baseline seed 0] epoch 14 loss 0.250 | val selection 0.2996 (0.5s)
05:35:05 INFO sih_v2.models.trainer: [lstm-baseline seed 0] epoch 15 loss 0.237 | val selection 0.2829 (0.5s)
05:35:05 INFO sih_v2.models.trainer: [lstm-baseline seed 0] epoch 16 loss 0.225 | val selection 0.3286 (0.6s)
05:35:05 INFO sih_v2.models.trainer: early stopping
05:35:05 INFO sih_v2.models.trainer: training sequences: 1662 (benign-only segments sub-sampled every 1)
05:35:08 INFO sih_v2.models.trainer: [world-model seed 1] epoch 01 loss 4.327 | val selection 0.3227 (3.1s)
05:35:12 INFO sih_v2.models.trainer: [world-model seed 1] epoch 02 loss 4.124 | val selection 0.3024 (3.2s)
05:35:15 INFO sih_v2.models.trainer: [world-model seed 1] epoch 03 loss 3.775 | val selection 0.2725 (3.2s)
05:35:18 INFO sih_v2.models.trainer: [world-model seed 1] epoch 04 loss 3.492 | val selection 0.3304 (3.3s)
05:35:21 INFO sih_v2.models.trainer: [world-model seed 1] epoch 05 loss 3.148 | val selection 0.3664 (3.4s)
05:35:25 INFO sih_v2.models.trainer: [world-model seed 1] epoch 06 loss 2.978 | val selection 0.3731 (3.4s)
05:35:28 INFO sih_v2.models.trainer: [world-model seed 1] epoch 07 loss 2.866 | val selection 0.3452 (3.4s)
05:35:32 INFO sih_v2.models.trainer: [world-model seed 1] epoch 08 loss 2.759 | val selection 0.3563 (3.4s)
05:35:35 INFO sih_v2.models.trainer: [world-model seed 1] epoch 09 loss 2.676 | val selection 0.3592 (3.4s)
05:35:38 INFO sih_v2.models.trainer: [world-model seed 1] epoch 10 loss 2.627 | val selection 0.3449 (3.3s)
05:35:42 INFO sih_v2.models.trainer: [world-model seed 1] epoch 11 loss 2.535 | val selection 0.3473 (3.9s)
05:35:46 INFO sih_v2.models.trainer: [world-model seed 1] epoch 12 loss 2.476 | val selection 0.3351 (3.3s)
05:35:49 INFO sih_v2.models.trainer: [world-model seed 1] epoch 13 loss 2.432 | val selection 0.3436 (3.2s)
05:35:52 INFO sih_v2.models.trainer: [world-model seed 1] epoch 14 loss 2.354 | val selection 0.3429 (3.3s)
05:35:55 INFO sih_v2.models.trainer: [world-model seed 1] epoch 15 loss 2.275 | val selection 0.3252 (3.2s)
05:35:59 INFO sih_v2.models.trainer: [world-model seed 1] epoch 16 loss 2.315 | val selection 0.3287 (3.3s)
05:35:59 INFO sih_v2.models.trainer: early stopping
05:35:59 INFO train: seed 1: fusion {'direct': 0.0, 'rollout': 1.0, 'markov': 0.0} thresholds {'direct': 0.437, 'rollout': 0.684, 'markov': 0.674, 'fused': 0.684} val-select 0.3836 surprise AUC 0.574 (sign +1)
05:35:59 INFO sih_v2.models.trainer: training sequences: 1662 (benign-only segments sub-sampled every 1)
05:36:00 INFO sih_v2.models.trainer: [lstm-baseline seed 1] epoch 01 loss 1.489 | val selection 0.3016 (0.6s)
05:36:00 INFO sih_v2.models.trainer: [lstm-baseline seed 1] epoch 02 loss 1.046 | val selection 0.3053 (0.6s)
05:36:01 INFO sih_v2.models.trainer: [lstm-baseline seed 1] epoch 03 loss 0.800 | val selection 0.3612 (0.6s)
05:36:01 INFO sih_v2.models.trainer: [lstm-baseline seed 1] epoch 04 loss 0.679 | val selection 0.3706 (0.6s)
05:36:02 INFO sih_v2.models.trainer: [lstm-baseline seed 1] epoch 05 loss 0.609 | val selection 0.3635 (0.6s)
05:36:02 INFO sih_v2.models.trainer: [lstm-baseline seed 1] epoch 06 loss 0.571 | val selection 0.3723 (0.6s)
05:36:03 INFO sih_v2.models.trainer: [lstm-baseline seed 1] epoch 07 loss 0.511 | val selection 0.3473 (0.6s)
05:36:03 INFO sih_v2.models.trainer: [lstm-baseline seed 1] epoch 08 loss 0.468 | val selection 0.3726 (0.6s)
05:36:04 INFO sih_v2.models.trainer: [lstm-baseline seed 1] epoch 09 loss 0.415 | val selection 0.3852 (0.6s)
05:36:05 INFO sih_v2.models.trainer: [lstm-baseline seed 1] epoch 10 loss 0.399 | val selection 0.3707 (0.6s)
05:36:05 INFO sih_v2.models.trainer: [lstm-baseline seed 1] epoch 11 loss 0.373 | val selection 0.3669 (0.6s)
05:36:06 INFO sih_v2.models.trainer: [lstm-baseline seed 1] epoch 12 loss 0.360 | val selection 0.3760 (0.6s)
05:36:06 INFO sih_v2.models.trainer: [lstm-baseline seed 1] epoch 13 loss 0.319 | val selection 0.3792 (0.6s)
05:36:07 INFO sih_v2.models.trainer: [lstm-baseline seed 1] epoch 14 loss 0.287 | val selection 0.3980 (0.6s)
05:36:07 INFO sih_v2.models.trainer: [lstm-baseline seed 1] epoch 15 loss 0.281 | val selection 0.3713 (0.6s)
05:36:08 INFO sih_v2.models.trainer: [lstm-baseline seed 1] epoch 16 loss 0.272 | val selection 0.3958 (0.6s)
05:36:08 INFO sih_v2.models.trainer: [lstm-baseline seed 1] epoch 17 loss 0.253 | val selection 0.3668 (0.5s)
05:36:09 INFO sih_v2.models.trainer: [lstm-baseline seed 1] epoch 18 loss 0.245 | val selection 0.3778 (0.6s)
05:36:10 INFO sih_v2.models.trainer: [lstm-baseline seed 1] epoch 19 loss 0.243 | val selection 0.3729 (0.6s)
05:36:10 INFO sih_v2.models.trainer: [lstm-baseline seed 1] epoch 20 loss 0.221 | val selection 0.3796 (0.6s)
05:36:11 INFO sih_v2.models.trainer: [lstm-baseline seed 1] epoch 21 loss 0.232 | val selection 0.3935 (0.5s)
05:36:11 INFO sih_v2.models.trainer: [lstm-baseline seed 1] epoch 22 loss 0.209 | val selection 0.3798 (0.5s)
05:36:12 INFO sih_v2.models.trainer: [lstm-baseline seed 1] epoch 23 loss 0.204 | val selection 0.3902 (0.5s)
05:36:12 INFO sih_v2.models.trainer: [lstm-baseline seed 1] epoch 24 loss 0.212 | val selection 0.3537 (0.6s)
05:36:12 INFO sih_v2.models.trainer: early stopping
05:36:12 INFO sih_v2.models.trainer: training sequences: 1662 (benign-only segments sub-sampled every 1)
05:36:16 INFO sih_v2.models.trainer: [world-model seed 2] epoch 01 loss 4.346 | val selection 0.3883 (3.3s)
05:36:19 INFO sih_v2.models.trainer: [world-model seed 2] epoch 02 loss 4.166 | val selection 0.4889 (3.3s)
05:36:22 INFO sih_v2.models.trainer: [world-model seed 2] epoch 03 loss 3.795 | val selection 0.3454 (3.4s)
05:36:26 INFO sih_v2.models.trainer: [world-model seed 2] epoch 04 loss 3.358 | val selection 0.4185 (3.3s)
05:36:29 INFO sih_v2.models.trainer: [world-model seed 2] epoch 05 loss 3.056 | val selection 0.3627 (3.4s)
05:36:32 INFO sih_v2.models.trainer: [world-model seed 2] epoch 06 loss 2.839 | val selection 0.3905 (3.4s)
05:36:36 INFO sih_v2.models.trainer: [world-model seed 2] epoch 07 loss 2.738 | val selection 0.3915 (3.4s)
05:36:39 INFO sih_v2.models.trainer: [world-model seed 2] epoch 08 loss 2.658 | val selection 0.3998 (3.3s)
05:36:43 INFO sih_v2.models.trainer: [world-model seed 2] epoch 09 loss 2.617 | val selection 0.3772 (3.4s)
05:36:46 INFO sih_v2.models.trainer: [world-model seed 2] epoch 10 loss 2.556 | val selection 0.4096 (3.5s)
05:36:50 INFO sih_v2.models.trainer: [world-model seed 2] epoch 11 loss 2.501 | val selection 0.4092 (3.4s)
05:36:53 INFO sih_v2.models.trainer: [world-model seed 2] epoch 12 loss 2.486 | val selection 0.3985 (3.4s)
05:36:53 INFO sih_v2.models.trainer: early stopping
05:36:53 INFO train: seed 2: fusion {'direct': 0.0, 'rollout': 1.0, 'markov': 0.0} thresholds {'direct': 0.359, 'rollout': 0.592, 'markov': 0.639, 'fused': 0.592} val-select 0.5053 surprise AUC 0.565 (sign +1)
05:36:53 INFO sih_v2.models.trainer: training sequences: 1662 (benign-only segments sub-sampled every 1)
05:36:54 INFO sih_v2.models.trainer: [lstm-baseline seed 2] epoch 01 loss 1.536 | val selection 0.3174 (0.6s)
05:36:54 INFO sih_v2.models.trainer: [lstm-baseline seed 2] epoch 02 loss 1.109 | val selection 0.3082 (0.6s)
05:36:55 INFO sih_v2.models.trainer: [lstm-baseline seed 2] epoch 03 loss 0.809 | val selection 0.3424 (0.6s)
05:36:56 INFO sih_v2.models.trainer: [lstm-baseline seed 2] epoch 04 loss 0.719 | val selection 0.3958 (0.6s)
05:36:56 INFO sih_v2.models.trainer: [lstm-baseline seed 2] epoch 05 loss 0.616 | val selection 0.3435 (0.6s)
05:36:57 INFO sih_v2.models.trainer: [lstm-baseline seed 2] epoch 06 loss 0.536 | val selection 0.3244 (0.6s)
05:36:57 INFO sih_v2.models.trainer: [lstm-baseline seed 2] epoch 07 loss 0.485 | val selection 0.3717 (0.6s)
05:36:58 INFO sih_v2.models.trainer: [lstm-baseline seed 2] epoch 08 loss 0.437 | val selection 0.3762 (0.6s)
05:36:58 INFO sih_v2.models.trainer: [lstm-baseline seed 2] epoch 09 loss 0.408 | val selection 0.4074 (0.6s)
05:36:59 INFO sih_v2.models.trainer: [lstm-baseline seed 2] epoch 10 loss 0.362 | val selection 0.3725 (0.6s)
05:37:00 INFO sih_v2.models.trainer: [lstm-baseline seed 2] epoch 11 loss 0.317 | val selection 0.3581 (0.6s)
05:37:00 INFO sih_v2.models.trainer: [lstm-baseline seed 2] epoch 12 loss 0.300 | val selection 0.3428 (0.6s)
05:37:01 INFO sih_v2.models.trainer: [lstm-baseline seed 2] epoch 13 loss 0.289 | val selection 0.3740 (0.6s)
05:37:01 INFO sih_v2.models.trainer: [lstm-baseline seed 2] epoch 14 loss 0.274 | val selection 0.3390 (0.6s)
05:37:02 INFO sih_v2.models.trainer: [lstm-baseline seed 2] epoch 15 loss 0.253 | val selection 0.4004 (0.6s)
05:37:02 INFO sih_v2.models.trainer: [lstm-baseline seed 2] epoch 16 loss 0.228 | val selection 0.3785 (0.5s)
05:37:03 INFO sih_v2.models.trainer: [lstm-baseline seed 2] epoch 17 loss 0.237 | val selection 0.3826 (0.5s)
05:37:04 INFO sih_v2.models.trainer: [lstm-baseline seed 2] epoch 18 loss 0.223 | val selection 0.3804 (0.5s)
05:37:04 INFO sih_v2.models.trainer: [lstm-baseline seed 2] epoch 19 loss 0.199 | val selection 0.3659 (0.5s)
05:37:04 INFO sih_v2.models.trainer: early stopping
05:37:04 INFO train: primary bundle = seed 2 -> models/cic2018/temporal/wm.pt (189s)
05:37:08 INFO evaluate: evaluating cic2018/temporal on 1820 cells ({'benign': 1219, 'during_attack': 535, 'pre_attack': 66})
05:37:17 INFO evaluate: ours = NetWorldModel - fused (ours); wrote /Users/yashu/sih_v2/reports/cic2018/temporal
                             Method    F1  F1 ±   FPR  PR-AUC  EW PR-AUC  Mean lead (min)
 Persistence (oracle current label) 0.933 0.000 0.007   0.910      0.051            0.000
Logistic Regression (single window) 0.198 0.000 0.029   0.458      0.124            1.667
    Logistic Regression (stacked 8) 0.162 0.000 0.035   0.440      0.093            1.667
      Gradient Boosting (stacked 8) 0.340 0.000 0.103   0.526      0.097            1.167
          Random Forest (stacked 8) 0.420 0.000 0.090   0.628      0.105            2.833
   LSTM classifier (no world model) 0.446 0.023 0.111   0.530      0.167            3.333
        NetWorldModel - direct head 0.499 0.068 0.106   0.590      0.081            1.889
     NetWorldModel - K-step rollout 0.496 0.053 0.107   0.598      0.082            1.722
            Markov kill-chain prior 0.499 0.063 0.103   0.599      0.086            2.000
       NetWorldModel - fused (ours) 0.493 0.054 0.118   0.598      0.082            1.778
 stage forecasting (macro-F1 over stages present, malicious host-slots)

| method | +1 | +2 | +3 | +5 | +7 | +10 |
|---|---|---|---|---|---|---|
| Markov kill-chain prior | 0.156 | 0.156 | 0.156 | 0.157 | 0.157 | 0.157 |
| NetWorldModel rollout (ours) | 0.156 | 0.156 | 0.156 | 0.157 | 0.157 | 0.157 |
| Persistence (inferred current stage) | 0.156 | 0.156 | 0.156 | 0.157 | 0.157 | 0.157 |
| Persistence (oracle current stage) | 0.986 | 0.979 | 0.969 | 0.951 | 0.930 | 0.900 |
| Stage LR per horizon (stacked) | 0.522 | 0.506 | 0.496 | 0.505 | 0.470 | 0.434 |

Accuracy on cells whose stage *changes* by t+k (persistence scores 0 here by construction):

| method | +1 | +2 | +3 | +5 | +7 | +10 |
|---|---|---|---|---|---|---|
| Markov kill-chain prior | 0.522 | 0.533 | 0.535 | 0.538 | 0.538 | 0.540 |
| NetWorldModel rollout (ours) | 0.522 | 0.533 | 0.535 | 0.538 | 0.538 | 0.540 |
| Persistence (inferred current stage) | 0.522 | 0.533 | 0.535 | 0.538 | 0.538 | 0.540 |
| Persistence (oracle current stage) | 0.000 | 0.000 | 0.000 | 0.000 | 0.000 | 0.000 |
| Stage LR per horizon (stacked) | 0.609 | 0.400 | 0.395 | 0.338 | 0.363 | 0.323 |

## Host-level triage (two channels)

- infected host-slots caught: **5/8** (risk channel 5, anomaly channel only 0)
- false alarms: 0/3 benign host-slots (0.0%); risk channel alone 0

## Label-free surprise channel

- direction chosen on validation: sign +1 (validation raw AUC 0.565)
- test window-level AUC (malicious vs benign cells): 0.628 (KL variant 0.624)
- test host-level AUC: surprise 0.500 vs supervised risk 0.833

## Integrity checks

- **split integrity (temporal)** - OK: no overlap  `{'issues': []}`
- **schedule-only probe (hour, weekday, elapsed time)** - CAUTION: timing carries part of the signal  `{'schedule_ap': 0.4334, 'prevalence': 0.3253, 'model_ap': 0.5978, 'schedule_share_of_lift': 0.3968}`
- **capture-identity probe** - reported for context: which capture you are in carries this much signal  `{'identity_ap': 0.448, 'prevalence': 0.3253}`
- **label-permutation test of test PR-AUC** - OK: p < 0.00498 (signal above label-permuted chance)  `{'observed_ap': 0.6499, 'null_mean': 0.3278, 'null_p99': 0.3595, 'p_value': 0.005}`
- **no-peeking gradient test** - OK: imagination never touches observations (and the check can fail)  `{'encoder_grad_detached': 0.0, 'encoder_grad_wired': 23.0868}`
- **out-of-distribution benign (flash crowd x5; novel values in ['fin_ratio', 'urg_ratio', 'syn_ratio'])** - OK: risk channel stays qu
