07:10:55 INFO train: ctu13/temporal: 342698 train / 53630 val cells, train positive rate 0.0036
07:10:55 INFO sih_v2.models.trainer: training sequences: 33041 (benign-only segments sub-sampled every 12)
07:11:55 INFO sih_v2.models.trainer: [world-model seed 0] epoch 01 loss 4.727 | val selection 0.5365 (58.8s)
07:12:53 INFO sih_v2.models.trainer: [world-model seed 0] epoch 02 loss 3.618 | val selection 0.6241 (58.5s)
07:13:53 INFO sih_v2.models.trainer: [world-model seed 0] epoch 03 loss 3.322 | val selection 0.6706 (59.3s)
07:14:52 INFO sih_v2.models.trainer: [world-model seed 0] epoch 04 loss 3.172 | val selection 0.6582 (59.2s)
07:15:51 INFO sih_v2.models.trainer: [world-model seed 0] epoch 05 loss 3.083 | val selection 0.6015 (59.3s)
07:16:51 INFO sih_v2.models.trainer: [world-model seed 0] epoch 06 loss 3.015 | val selection 0.7301 (59.6s)
07:17:50 INFO sih_v2.models.trainer: [world-model seed 0] epoch 07 loss 2.965 | val selection 0.6572 (59.2s)
07:18:49 INFO sih_v2.models.trainer: [world-model seed 0] epoch 08 loss 2.928 | val selection 0.6334 (58.8s)
07:19:48 INFO sih_v2.models.trainer: [world-model seed 0] epoch 09 loss 2.896 | val selection 0.6114 (58.9s)
07:20:46 INFO sih_v2.models.trainer: [world-model seed 0] epoch 10 loss 2.875 | val selection 0.7096 (58.5s)
07:20:46 INFO sih_v2.models.trainer: early stopping
07:21:24 INFO train: seed 0: fusion {'direct': 1.0, 'rollout': 0.0, 'markov': 0.0} thresholds {'direct': 0.851, 'rollout': 0.707, 'markov': 0.749, 'fused': 0.851} val-select 0.7301 surprise AUC 0.580 (sign +1)
07:21:24 INFO sih_v2.models.trainer: training sequences: 33041 (benign-only segments sub-sampled every 12)
07:21:31 INFO sih_v2.models.trainer: [lstm-baseline seed 0] epoch 01 loss 0.175 | val selection 0.5040 (7.0s)
07:21:38 INFO sih_v2.models.trainer: [lstm-baseline seed 0] epoch 02 loss 0.042 | val selection 0.7629 (7.0s)
07:21:45 INFO sih_v2.models.trainer: [lstm-baseline seed 0] epoch 03 loss 0.032 | val selection 0.6296 (6.9s)
07:21:52 INFO sih_v2.models.trainer: [lstm-baseline seed 0] epoch 04 loss 0.027 | val selection 0.6584 (7.0s)
07:21:59 INFO sih_v2.models.trainer: [lstm-baseline seed 0] epoch 05 loss 0.022 | val selection 0.6664 (6.9s)
07:22:06 INFO sih_v2.models.trainer: [lstm-baseline seed 0] epoch 06 loss 0.017 | val selection 0.6188 (7.1s)
07:22:06 INFO sih_v2.models.trainer: early stopping
07:22:08 INFO sih_v2.models.trainer: training sequences: 33041 (benign-only segments sub-sampled every 12)
07:23:04 INFO sih_v2.models.trainer: [world-model seed 1] epoch 01 loss 4.725 | val selection 0.5457 (56.1s)
07:24:00 INFO sih_v2.models.trainer: [world-model seed 1] epoch 02 loss 3.708 | val selection 0.6157 (55.8s)
07:24:55 INFO sih_v2.models.trainer: [world-model seed 1] epoch 03 loss 3.316 | val selection 0.4844 (55.3s)
07:25:50 INFO sih_v2.models.trainer: [world-model seed 1] epoch 04 loss 3.158 | val selection 0.4692 (55.1s)
07:26:45 INFO sih_v2.models.trainer: [world-model seed 1] epoch 05 loss 3.066 | val selection 0.5933 (55.2s)
07:27:40 INFO sih_v2.models.trainer: [world-model seed 1] epoch 06 loss 3.006 | val selection 0.6379 (55.3s)
07:28:36 INFO sih_v2.models.trainer: [world-model seed 1] epoch 07 loss 2.965 | val selection 0.5751 (55.4s)
07:29:31 INFO sih_v2.models.trainer: [world-model seed 1] epoch 08 loss 2.910 | val selection 0.6199 (55.4s)
07:30:27 INFO sih_v2.models.trainer: [world-model seed 1] epoch 09 loss 2.884 | val selection 0.6176 (55.5s)
07:31:22 INFO sih_v2.models.trainer: [world-model seed 1] epoch 10 loss 2.860 | val selection 0.6957 (55.4s)
07:32:18 INFO sih_v2.models.trainer: [world-model seed 1] epoch 11 loss 2.839 | val selection 0.6580 (55.4s)
07:33:13 INFO sih_v2.models.trainer: [world-model seed 1] epoch 12 loss 2.832 | val selection 0.5822 (55.5s)
07:34:09 INFO sih_v2.models.trainer: [world-model seed 1] epoch 13 loss 2.821 | val selection 0.5957 (55.7s)
07:35:04 INFO sih_v2.models.trainer: [world-model seed 1] epoch 14 loss 2.817 | val selection 0.6238 (55.6s)
07:35:04 INFO sih_v2.models.trainer: early stopping
07:35:42 INFO train: seed 1: fusion {'direct': 0.6, 'rollout': 0.2, 'markov': 0.2} thresholds {'direct': 0.039, 'rollout': 0.136, 'markov': 0.384, 'fused': 0.135} val-select 0.7057 surprise AUC 0.575 (sign +1)
07:35:42 INFO sih_v2.models.trainer: training sequences: 33041 (benign-only segments sub-sampled every 12)
07:35:49 INFO sih_v2.models.trainer: [lstm-baseline seed 1] epoch 01 loss 0.180 | val selection 0.5972 (7.4s)
07:35:57 INFO sih_v2.models.trainer: [lstm-baseline seed 1] epoch 02 loss 0.045 | val selection 0.7370 (7.5s)
07:36:04 INFO sih_v2.models.trainer: [lstm-baseline seed 1] epoch 03 loss 0.030 | val selection 0.5734 (7.5s)
07:36:12 INFO sih_v2.models.trainer: [lstm-baseline seed 1] epoch 04 loss 0.023 | val selection 0.5775 (7.5s)
07:36:19 INFO sih_v2.models.trainer: [lstm-baseline seed 1] epoch 05 loss 0.017 | val selection 0.6189 (7.5s)
07:36:27 INFO sih_v2.models.trainer: [lstm-baseline seed 1] epoch 06 loss 0.015 | val selection 0.6596 (7.5s)
07:36:27 INFO sih_v2.models.trainer: early stopping
07:36:29 INFO sih_v2.models.trainer: training sequences: 33041 (benign-only segments sub-sampled every 12)
07:37:27 INFO sih_v2.models.trainer: [world-model seed 2] epoch 01 loss 4.745 | val selection 0.5067 (58.0s)
07:38:24 INFO sih_v2.models.trainer: [world-model seed 2] epoch 02 loss 3.721 | val selection 0.5733 (57.5s)
07:39:22 INFO sih_v2.models.trainer: [world-model seed 2] epoch 03 loss 3.368 | val selection 0.6709 (57.9s)
07:40:19 INFO sih_v2.models.trainer: [world-model seed 2] epoch 04 loss 3.202 | val selection 0.6457 (56.9s)
07:41:16 INFO sih_v2.models.trainer: [world-model seed 2] epoch 05 loss 3.097 | val selection 0.6218 (56.7s)
07:42:12 INFO sih_v2.models.trainer: [world-model seed 2] epoch 06 loss 3.026 | val selection 0.6266 (56.8s)
07:43:10 INFO sih_v2.models.trainer: [world-model seed 2] epoch 07 loss 2.973 | val selection 0.6634 (57.2s)
07:43:10 INFO sih_v2.models.trainer: early stopping
07:43:47 INFO train: seed 2: fusion {'direct': 0.0, 'rollout': 1.0, 'markov': 0.0} thresholds {'direct': 0.968, 'rollout': 0.895, 'markov': 0.878, 'fused': 0.895} val-select 0.6848 surprise AUC 0.632 (sign +1)
07:43:47 INFO sih_v2.models.trainer: training sequences: 33041 (benign-only segments sub-sampled every 12)
07:43:54 INFO sih_v2.models.trainer: [lstm-baseline seed 2] epoch 01 loss 0.178 | val selection 0.6071 (7.0s)
07:44:01 INFO sih_v2.models.trainer: [lstm-baseline seed 2] epoch 02 loss 0.043 | val selection 0.6448 (7.0s)
07:44:08 INFO sih_v2.models.trainer: [lstm-baseline seed 2] epoch 03 loss 0.031 | val selection 0.6872 (7.0s)
07:44:15 INFO sih_v2.models.trainer: [lstm-baseline seed 2] epoch 04 loss 0.025 | val selection 0.6810 (7.1s)
07:44:22 INFO sih_v2.models.trainer: [lstm-baseline seed 2] epoch 05 loss 0.019 | val selection 0.6684 (7.1s)
07:44:29 INFO sih_v2.models.trainer: [lstm-baseline seed 2] epoch 06 loss 0.015 | val selection 0.6605 (7.1s)
07:44:37 INFO sih_v2.models.trainer: [lstm-baseline seed 2] epoch 07 loss 0.013 | val selection 0.7199 (7.1s)
07:44:44 INFO sih_v2.models.trainer: [lstm-baseline seed 2] epoch 08 loss 0.011 | val selection 0.6400 (7.0s)
07:44:51 INFO sih_v2.models.trainer: [lstm-baseline seed 2] epoch 09 loss 0.009 | val selection 0.6335 (7.0s)
07:44:58 INFO sih_v2.models.trainer: [lstm-baseline seed 2] epoch 10 loss 0.009 | val selection 0.6863 (7.1s)
07:45:05 INFO sih_v2.models.trainer: [lstm-baseline seed 2] epoch 11 loss 0.008 | val selection 0.6483 (7.0s)
07:45:05 INFO sih_v2.models.trainer: early stopping
07:45:06 INFO train: primary bundle = seed 0 -> models/ctu13/temporal/wm.pt (2052s)
07:45:09 INFO evaluate: evaluating ctu13/temporal on 82117 cells ({'benign': 81741, 'during_attack': 291, 'pre_attack': 85})
07:48:45 INFO evaluate: ours = NetWorldModel - fused (ours); wrote /Users/yashu/sih_v2/reports/ctu13/temporal
                                        Method    F1  F1 ±   FPR  PR-AUC  EW PR-AUC  Mean lead (min)
            Persistence (oracle current label) 0.347 0.000 0.015   0.199      0.035            3.125
           Logistic Regression (single window) 0.370 0.000 0.013   0.193      0.027            2.500
               Logistic Regression (stacked 8) 0.339 0.000 0.014   0.203      0.038            3.000
                 Gradient Boosting (stacked 8) 0.853 0.000 0.000   0.851      0.322            0.250
                     Random Forest (stacked 8) 0.867 0.000 0.000   0.861      0.370            1.375
              LSTM classifier (no world model) 0.804 0.030 0.001   0.837      0.275            1.292
                   NetWorldModel - direct head 0.750 0.075 0.002   0.820      0.253            1.333
                NetWorldModel - K-step rollout 0.707 0.094 0.002   0.813      0.239            1.333
                       Markov kill-chain prior 0.715 0.097 0.002   0.804      0.180            1.375
                  NetWorldModel - fused (ours) 0.732 0.075 0.002   0.815      0.217            1.333
NetWorldModel ⊕ tree ensemble (ours, ensemble) 0.871 0.002 0.000   0.860      0.372            1.375
 stage forecasting (macro-F1 over stages present, malicious host-slots)

| method | +1 | +2 | +3 | +5 | +7 | +10 |
|---|---|---|---|---|---|---|
| Markov kill-chain prior | 0.806 | 0.707 | 0.635 | 0.643 | 0.654 | 0.383 |
| NetWorldModel rollout (ours) | 0.818 | 0.763 | 0.636 | 0.648 | 0.658 | 0.669 |
| Persistence (inferred current stage) | 0.796 | 0.741 | 0.692 | 0.630 | 0.632 | 0.635 |
| Persistence (oracle current stage) | 0.832 | 0.755 | 0.685 | 0.632 | 0.604 | 0.581 |
| Stage LR per horizon (stacked) | 0.789 | 0.759 | 0.657 | 0.760 | 0.753 | 0.695 |

Accuracy on cells whose stage *changes* by t+k (persistence scores 0 here by construction):

| method | +1 | +2 | +3 | +5 | +7 | +10 |
|---|---|---|---|---|---|---|
| Markov kill-chain prior | 0.358 | 0.289 | 0.382 | 0.438 | 0.483 | 0.549 |
| NetWorldModel rollout (ours) | 0.408 | 0.393 | 0.368 | 0.438 | 0.483 | 0.530 |
| Persistence (inferred current stage) | 0.350 | 0.311 | 0.319 | 0.325 | 0.351 | 0.390 |
| Persistence (oracle current stage) | 0.000 | 0.000 | 0.000 | 0.000 | 0.000 | 0.000 |
| Stage LR per horizon (stacked) | 0.383 | 0.363 | 0.431 | 0.615 | 0.632 | 0.530 |

## Host-level triage (two channels)

- infected host-slots caught: **7/46** (risk channel 7, anomaly channel only 0)
- false alarms: 12/1694 benign host-slots (0.7%); risk channel alone 9

## Label-free surprise channel

- direction chosen on validation: sign +1 (validation raw AUC 0.580)
- test window-level AUC (malicious vs benign cells): 0.496 (KL variant 0.317)
- test host-level AUC: surprise 0.352 vs supervised risk 0.474

## Integrity checks

- **split integrity (temporal)** - OK: no overlap  `{'issues': []}`
- **schedule-only probe (hour, weekday, elapsed time)** - OK: timing alone is far weaker than the traffic model  `{'schedule_ap': 0.0098, 'prevalence': 0.0044, 'model_ap': 0.8145, 'schedule_share_of_lift': 0.0066}`
- **capture-identity probe** - reported for context: which capture you are in carries this much signal  `{'identity_ap': 0.0143, 'prevalence': 0.0044}`
- **label-permutation test of test PR-AUC** - OK: p < 0.00498 (signal above label-permuted chance)  `{'observed_ap': 0.8113, 'null_mean': 0.0046, 'null_p99': 0.0054, 'p_value': 0.005}`
- **no-peeking gradient test** - OK: imagination never touches observations (and the check can fail)  `{'encoder_grad_detached': 0.0, 'encoder_grad_wired': 5241.6055}`
- **out-of-distribution benign (flash crowd x5; novel values in ['fin_ratio', 'psh_ratio', 'ack_ratio'])** - OK: ri
CTU_RETRAIN_DONE
