05:53:33 INFO train: seed 0 ensemble: {'partner': 'Gradient Boosting (stacked 8)', 'w_world_model': 1.0, 'val_select': 0.15630846187121467, 'threshold': 0.14619096159814235}
05:53:42 INFO train: seed 1 ensemble: {'partner': 'Random Forest (stacked 8)', 'w_world_model': 0.9, 'val_select': 0.06775995508957307, 'threshold': 0.08219958043098448}
05:53:50 INFO train: seed 2 ensemble: {'partner': 'Random Forest (stacked 8)', 'w_world_model': 0.9, 'val_select': 0.17921229560717322, 'threshold': 0.024163035605102787}
05:53:54 INFO evaluate: evaluating ctu13/family on 137887 cells ({'benign': 136630, 'during_attack': 1096, 'pre_attack': 161})
06:03:20 INFO evaluate: ours = NetWorldModel - fused (ours); wrote /Users/yashu/sih_v2/reports/ctu13/family
                                        Method    F1  F1 ±   FPR  PR-AUC  EW PR-AUC  Mean lead (min)
            Persistence (oracle current label) 0.732 0.000 0.006   0.572      0.112            4.857
           Logistic Regression (single window) 0.029 0.000 0.061   0.054      0.028            4.714
               Logistic Regression (stacked 8) 0.032 0.000 0.050   0.072      0.058            4.286
                 Gradient Boosting (stacked 8) 0.153 0.000 0.026   0.125      0.072            5.000
                     Random Forest (stacked 8) 0.159 0.000 0.031   0.161      0.158            7.143
              LSTM classifier (no world model) 0.091 0.026 0.016   0.078      0.048            5.476
                   NetWorldModel - direct head 0.089 0.020 0.017   0.085      0.067            5.143
                NetWorldModel - K-step rollout 0.079 0.029 0.032   0.057      0.050            4.667
                       Markov kill-chain prior 0.096 0.030 0.026   0.076      0.051            5.095
                  NetWorldModel - fused (ours) 0.080 0.030 0.032   0.062      0.048            4.667
NetWorldModel ⊕ tree ensemble (ours, ensemble) 0.078 0.029 0.032   0.068      0.059            4.667
 stage forecasting (macro-F1 over stages present, malicious host-slots)

| method | +1 | +2 | +3 | +5 | +7 | +10 |
|---|---|---|---|---|---|---|
| Markov kill-chain prior | 0.216 | 0.208 | 0.202 | 0.164 | 0.065 | 0.059 |
| NetWorldModel rollout (ours) | 0.208 | 0.207 | 0.203 | 0.199 | 0.190 | 0.186 |
| Persistence (inferred current stage) | 0.210 | 0.205 | 0.204 | 0.193 | 0.190 | 0.192 |
| Persistence (oracle current stage) | 0.725 | 0.620 | 0.554 | 0.510 | 0.512 | 0.500 |
| Stage LR per horizon (stacked) | 0.207 | 0.210 | 0.213 | 0.195 | 0.180 | 0.166 |

Accuracy on cells whose stage *changes* by t+k (persistence scores 0 here by construction):

| method | +1 | +2 | +3 | +5 | +7 | +10 |
|---|---|---|---|---|---|---|
| Markov kill-chain prior | 0.175 | 0.137 | 0.115 | 0.094 | 0.105 | 0.103 |
| NetWorldModel rollout (ours) | 0.160 | 0.137 | 0.115 | 0.089 | 0.087 | 0.084 |
| Persistence (inferred current stage) | 0.165 | 0.130 | 0.112 | 0.084 | 0.087 | 0.081 |
| Persistence (oracle current stage) | 0.000 | 0.000 | 0.000 | 0.000 | 0.000 | 0.000 |
| Stage LR per horizon (stacked) | 0.145 | 0.130 | 0.148 | 0.053 | 0.066 | 0.062 |

## Host-level triage (two channels)

- infected host-slots caught: **4/5** (risk channel 4, anomaly channel only 0)
- false alarms: 294/1058 benign host-slots (27.8%); risk channel alone 285

## Label-free surprise channel

- direction chosen on validation: sign +1 (validation raw AUC 0.579)
- test window-level AUC (malicious vs benign cells): 0.795 (KL variant 0.578)
- test host-level AUC: surprise 0.853 vs supervised risk 0.882

## Integrity checks

- **split integrity (family)** - OK: no overlap  `{'issues': []}`
- **schedule-only probe (hour, weekday, elapsed time)** - OK: timing alone is far weaker than the traffic model  `{'schedule_ap': 0.0103, 'prevalence': 0.0091, 'model_ap': 0.0618, 'schedule_share_of_lift': 0.0227}`
- **capture-identity probe** - N/A: test captures unseen in training (family protocol)  `{}`
- **label-permutation test of test PR-AUC** - OK: p < 0.00498 (signal above label-permuted chance)  `{'observed_ap': 0.0391, 'null_mean': 0.0091, 'null_p99': 0.0099, 'p_value': 0.005}`
- **no-peeking gradient test** - OK: imagination never touches observations (and the check can fail)  `{'encoder_grad_detached': 0.0, 'encoder_grad_wired': 3349.3083}`
- **out-of-distribution benign (flash crowd x5; novel values in ['fin_ratio', 'psh_ratio', 'ack_ratio'])** - OK: risk channel stays quiet on unusual benign traffic  `{'cells
06:03:23 INFO train: seed 0 ensemble: {'partner': 'Gradient Boosting (stacked 8)', 'w_world_model': 1.0, 'val_select': 0.4325511091546024, 'threshold': 0.7432955528694316}
06:03:23 INFO train: seed 1 ensemble: {'partner': 'Gradient Boosting (stacked 8)', 'w_world_model': 1.0, 'val_select': 0.3836097227723504, 'threshold': 0.684193393945694}
06:03:23 INFO train: seed 2 ensemble: {'partner': 'Gradient Boosting (stacked 8)', 'w_world_model': 1.0, 'val_select': 0.5052956397312047, 'threshold': 0.5922784910202027}
06:03:25 INFO evaluate: evaluating cic2018/temporal on 1820 cells ({'benign': 1219, 'during_attack': 535, 'pre_attack': 66})
06:03:31 INFO evaluate: ours = NetWorldModel - fused (ours); wrote /Users/yashu/sih_v2/reports/cic2018/temporal
                                        Method    F1  F1 ±   FPR  PR-AUC  EW PR-AUC  Mean lead (min)
            Persistence (oracle current label) 0.933 0.000 0.007   0.910      0.051            0.000
           Logistic Regression (single window) 0.198 0.000 0.029   0.458      0.124            1.667
               Logistic Regression (stacked 8) 0.162 0.000 0.035   0.440      0.093            1.667
                 Gradient Boosting (stacked 8) 0.340 0.000 0.103   0.526      0.097            1.167
                     Random Forest (stacked 8) 0.420 0.000 0.090   0.628      0.105            2.833
              LSTM classifier (no world model) 0.446 0.023 0.111   0.530      0.167            3.333
                   NetWorldModel - direct head 0.499 0.068 0.106   0.590      0.081            1.889
                NetWorldModel - K-step rollout 0.496 0.053 0.107   0.598      0.082            1.722
                       Markov kill-chain prior 0.499 0.063 0.103   0.599      0.086            2.000
                  NetWorldModel - fused (ours) 0.493 0.054 0.118   0.598      0.082            1.778
NetWorldModel ⊕ tree ensemble (ours, ensemble) 0.493 0.054 0.118   0.598      0.082            1.778
 stage forecasting (macro-F1 over stages present, malicious host-slots)

| method | +1 | +2 | +3 | +5 | +7 | +10 |
|---|---|---|---|---|---|---|
| Markov kill-chain prior | 0.156 | 0.156 | 0.156 | 0.157 | 0.157 | 0.157 |
| NetWorldModel rollout (ours) | 0.156 | 0.156 | 0.156 | 0.157 | 0.157 | 0.157 |
| Persistence (inferred current stage) | 0.156 | 0.156 | 0.156 | 0.157 | 0.157 | 0.157 |
| Persistence (oracle current stage) | 0.986 | 0.979 | 0.969 | 0.951 | 0.930 | 0.900 |
| Stage LR per horizon (stacked) | 0.522 | 0.506 | 0.496 | 0.505 | 0.470 | 0.434 |

Accuracy on cells whose stage *changes* by t+k (persistence scores 0 here by construction):

| method | +1 | +2 | +3 | +5 | +7 | +10 |
|---|---|---|---|---|---|---|
| Markov kill-chain prior | 0.522 | 0.533 | 0.535 | 0.538 | 0.538 | 0.540 |
| NetWorldModel rollout (ours) | 0.522 | 0.533 | 0.535 | 0.538 | 0.538 | 0.540 |
| Persistence (inferred current stage) | 0.522 | 0.533 | 0.535 | 0.538 | 0.538 | 0.540 |
| Persistence (oracle current stage) | 0.000 | 0.000 | 0.000 | 0.000 | 0.000 | 0.000 |
| Stage LR per horizon (stacked) | 0.609 | 0.400 | 0.395 | 0.338 | 0.363 | 0.323 |

## Host-level triage (two channels)

- infected host-slots caught: **5/8** (risk channel 5, anomaly channel only 0)
- false alarms: 0/3 benign host-slots (0.0%); risk channel alone 0

## Label-free surprise channel

- direction chosen on validation: sign +1 (validation raw AUC 0.565)
- test window-level AUC (malicious vs benign cells): 0.628 (KL variant 0.624)
- test host-level AUC: surprise 0.500 vs supervised risk 0.833

## Integrity checks

- **split integrity (temporal)** - OK: no overlap  `{'issues': []}`
- **schedule-only probe (hour, weekday, elapsed time)** - CAUTION: timing carries part of the signal  `{'schedule_ap': 0.4334, 'prevalence': 0.3253, 'model_ap': 0.5978, 'schedule_share_of_lift': 0.3968}`
- **capture-identity probe** - reported for context: which capture you are in carries this much signal  `{'identity_ap': 0.448, 'prevalence': 0.3253}`
- **label-permutation test of test PR-AUC** - OK: p < 0.00498 (signal above label-permuted chance)  `{'observed_ap': 0.6499, 'null_mean': 0.3278, 'null_p99': 0.3595, 'p_value': 0.005}`
- **no-peeking gradient test** - OK: imagination never touches observations (and the check can fail)  `{'encoder_grad_detached': 0.0, 'encoder_grad_wired': 23.0868}`
- **out-of-distribution benign (flash crowd x5; novel values in ['fin_ratio', 'urg_ratio', 'syn_ratio'])** - OK: risk channel stays qu
06:03:33 INFO train: synthetic/temporal: 12800 train / 3200 val cells, train positive rate 0.1883
06:03:33 INFO train: baseline Logistic Regression (single window)      thr 0.707 (0s)
06:03:34 INFO train: baseline Logistic Regression (stacked 8)          thr 0.782 (1s)
06:04:13 INFO train: baseline Gradient Boosting (stacked 8)            thr 0.352 (39s)
06:04:18 INFO train: baseline Random Forest (stacked 8)                thr 0.594 (5s)
06:04:29 INFO train: stage LR per horizon [1, 2, 3, 5, 7, 10] (11s)
06:04:29 INFO sih_v2.models.trainer: training sequences: 11336 (benign-only segments sub-sampled every 12)
06:04:48 INFO sih_v2.models.trainer: [world-model seed 0] epoch 01 loss 5.260 | val selection 0.7273 (18.3s)
06:05:07 INFO sih_v2.models.trainer: [world-model seed 0] epoch 02 loss 4.094 | val selection 0.7305 (18.5s)
06:05:25 INFO sih_v2.models.trainer: [world-model seed 0] epoch 03 loss 3.542 | val selection 0.7236 (18.6s)
06:05:44 INFO sih_v2.models.trainer: [world-model seed 0] epoch 04 loss 3.251 | val selection 0.7163 (18.7s)
06:06:03 INFO sih_v2.models.trainer: [world-model seed 0] epoch 05 loss 3.044 | val selection 0.7094 (18.6s)
06:06:21 INFO sih_v2.models.trainer: [world-model seed 0] epoch 06 loss 2.908 | val selection 0.6991 (18.7s)
06:06:21 INFO sih_v2.models.trainer: early stopping
06:06:24 INFO train: seed 0: fusion {'direct': 1.0, 'rollout': 0.0, 'markov': 0.0} thresholds {'direct': 0.595, 'rollout': 0.305, 'markov': 0.296, 'fused': 0.595} val-select 0.7305 surprise AUC 0.819 (sign +1)
06:06:24 INFO sih_v2.models.trainer: training sequences: 11336 (benign-only segments sub-sampled every 12)
06:06:26 INFO sih_v2.models.trainer: [lstm-baseline seed 0] epoch 01 loss 1.047 | val selection 0.7281 (1.9s)
06:06:28 INFO sih_v2.models.trainer: [lstm-baseline seed 0] epoch 02 loss 0.576 | val selection 0.7197 (2.0s)
06:06:30 INFO sih_v2.models.trainer: [lstm-baseline seed 0] epoch 03 loss 0.447 | val selection 0.6924 (2.0s)
06:06:32 INFO sih_v2.models.trainer: [lstm-baseline seed 0] epoch 04 loss 0.371 | val selection 0.6715 (2.0s)
06:06:34 INFO sih_v2.models.trainer: [lstm-baseline seed 0] epoch 05 loss 0.319 | val selection 0.6820 (2.0s)
06:06:34 INFO sih_v2.models.trainer: early stopping
06:06:34 INFO sih_v2.models.trainer: training sequences: 11336 (benign-only segments sub-sampled every 12)
06:06:52 INFO sih_v2.models.trainer: [world-model seed 1] epoch 01 loss 5.242 | val selection 0.7308 (18.3s)
06:07:11 INFO sih_v2.models.trainer: [world-model seed 1] epoch 02 loss 4.197 | val selection 0.7332 (18.3s)
06:07:29 INFO sih_v2.models.trainer: [world-model seed 1] epoch 03 loss 3.530 | val selection 0.7328 (18.3s)
06:07:47 INFO sih_v2.models.trainer: [world-model seed 1] epoch 04 loss 3.212 | val selection 0.7250 (18.3s)
06:08:06 INFO sih_v2.models.trainer: [world-model seed 1] epoch 05 loss 3.011 | val selection 0.7093 (18.3s)
06:08:24 INFO sih_v2.models.trainer: [world-model seed 1] epoch 06 loss 2.871 | val selection 0.6827 (18.3s)
06:08:24 INFO sih_v2.models.trainer: early stopping
06:08:26 INFO train: seed 1: fusion {'direct': 1.0, 'rollout': 0.0, 'markov': 0.0} thresholds {'direct': 0.586, 'rollout': 0.269, 'markov': 0.378, 'fused': 0.586} val-select 0.7332 surprise AUC 0.840 (sign +1)
06:08:26 INFO sih_v2.models.trainer: training sequences: 11336 (benign-only segments sub-sampled every 12)
06:08:28 INFO sih_v2.models.trainer: [lstm-baseline seed 1] epoch 01 loss 1.042 | val selection 0.7223 (1.9s)
06:08:30 INFO sih_v2.models.trainer: [lstm-baseline seed 1] epoch 02 loss 0.585 | val selection 0.7069 (1.9s)
06:08:32 INFO sih_v2.models.trainer: [lstm-baseline seed 1] epoch 03 loss 0.458 | val selection 0.6974 (1.9s)
06:08:34 INFO sih_v2.models.trainer: [lstm-baseline seed 1] epoch 04 loss 0.383 | val selection 0.6756 (1.9s)
06:08:35 INFO sih_v2.models.trainer: [lstm-baseline seed 1] epoch 05 loss 0.333 | val selection 0.6417 (1.9s)
06:08:35 INFO sih_v2.models.trainer: early stopping
06:08:36 INFO sih_v2.models.trainer: training sequences: 11336 (benign-only segments sub-sampled every 12)
06:08:54 INFO sih_v2.models.trainer: [world-model seed 2] epoch 01 loss 5.174 | val selection 0.7167 (18.0s)
06:09:12 INFO sih_v2.models.trainer: [world-model seed 2] epoch 02 loss 4.073 | val selection 0.7313 (18.1s)
06:09:30 INFO sih_v2.models.trainer: [world-model seed 2] epoch 03 loss 3.508 | val selection 0.7112 (18.1s)
06:09:48 INFO sih_v2.models.trainer: [world-model seed 2] epoch 04 loss 3.209 | val selection 0.7083 (18.1s)
06:10:06 INFO sih_v2.models.trainer: [world-model seed 2] epoch 05 loss 3.020 | val selection 0.6985 (18.0s)
06:10:24 INFO sih_v2.models.trainer: [world-model seed 2] epoch 06 loss 2.902 | val selection 0.6734 (18.1s)
06:10:24 INFO sih_v2.models.trainer: early stopping
06:10:26 INFO train: seed 2: fusion {'direct': 1.0, 'rollout': 0.0, 'markov': 0.0} thresholds {'direct': 0.78, 'rollout': 0.333, 'markov': 0.314, 'fused': 0.78} val-select 0.7313 surprise AUC 0.821 (sign +1)
06:10:26 INFO sih_v2.models.trainer: training sequences: 11336 (benign-only segments sub-sampled every 12)
06:10:28 INFO sih_v2.models.trainer: [lstm-baseline seed 2] epoch 01 loss 1.069 | val selection 0.7233 (1.9s)
06:10:30 INFO sih_v2.models.trainer: [lstm-baseline seed 2] epoch 02 loss 0.594 | val selection 0.7130 (1.9s)
06:10:32 INFO sih_v2.models.trainer: [lstm-baseline seed 2] epoch 03 loss 0.470 | val selection 0.6917 (1.8s)
06:10:34 INFO sih_v2.models.trainer: [lstm-baseline seed 2] epoch 04 loss 0.398 | val selection 0.6923 (1.9s)
06:10:36 INFO sih_v2.models.trainer: [lstm-baseline seed 2] epoch 05 loss 0.340 | val selection 0.6780 (1.9s)
06:10:36 INFO sih_v2.models.trainer: early stopping
06:10:36 INFO train: primary bundle = seed 1 -> models/synthetic/temporal/wm.pt (423s)
06:10:38 INFO evaluate: evaluating synthetic/temporal on 3200 cells ({'benign': 2417, 'during_attack': 544, 'pre_attack': 239})
06:10:49 INFO evaluate: ours = NetWorldModel - fused (ours); wrote /Users/yashu/sih_v2/reports/synthetic/temporal
                                        Method    F1  F1 ±   FPR  PR-AUC  EW PR-AUC  Mean lead (min)
            Persistence (oracle current label) 0.860 0.000 0.029   0.782      0.357            1.333
           Logistic Regression (single window) 0.879 0.000 0.015   0.903      0.578            4.458
               Logistic Regression (stacked 8) 0.871 0.000 0.013   0.899      0.565            4.125
                 Gradient Boosting (stacked 8) 0.879 0.000 0.020   0.900      0.568            4.667
                     Random Forest (stacked 8) 0.877 0.000 0.014   0.902      0.571            4.292
              LSTM classifier (no world model) 0.871 0.001 0.017   0.911      0.602            4.625
                   NetWorldModel - direct head 0.877 0.002 0.016   0.906      0.585            4.583
                NetWorldModel - K-step rollout 0.838 0.005 0.040   0.894      0.508            4.569
                       Markov kill-chain prior 0.846 0.008 0.037   0.884      0.350            4.486
                  NetWorldModel - fused (ours) 0.877 0.002 0.016   0.906      0.585            4.583
NetWorldModel ⊕ tree ensemble (ours, ensemble) 0.877 0.001 0.014   0.903      0.572            4.347
 stage forecasting (macro-F1 over stages present, malicious host-slots)

| method | +1 | +2 | +3 | +5 | +7 | +10 |
|---|---|---|---|---|---|---|
| Markov kill-chain prior | 0.501 | 0.462 | 0.399 | 0.329 | 0.239 | 0.148 |
| NetWorldModel rollout (ours) | 0.569 | 0.550 | 0.535 | 0.516 | 0.476 | 0.423 |
| Persistence (inferred current stage) | 0.575 | 0.522 | 0.468 | 0.368 | 0.273 | 0.194 |
| Persistence (oracle current stage) | 0.844 | 0.702 | 0.575 | 0.403 | 0.298 | 0.206 |
| Stage LR per horizon (stacked) | 0.763 | 0.623 | 0.565 | 0.523 | 0.471 | 0.407 |

Accuracy on cells whose stage *changes* by t+k (persistence scores 0 here by construction):

| method | +1 | +2 | +3 | +5 | +7 | +10 |
|---|---|---|---|---|---|---|
| Markov kill-chain prior | 0.271 | 0.234 | 0.195 | 0.222 | 0.318 | 0.290 |
| NetWorldModel rollout (ours) | 0.316 | 0.336 | 0.358 | 0.404 | 0.408 | 0.434 |
| Persistence (inferred current stage) | 0.226 | 0.182 | 0.156 | 0.115 | 0.078 | 0.050 |
| Persistence (oracle current stage) | 0.000 | 0.000 | 0.000 | 0.000 | 0.000 | 0.000 |
| Stage LR per horizon (stacked) | 0.258 | 0.343 | 0.402 | 0.462 | 0.466 | 0.441 |

## Host-level triage (two channels)

- infected host-slots caught: **15/15** (risk channel 15, anomaly channel only 0)
- false alarms: 0/1 benign host-slots (0.0%); risk channel alone 0

## Label-free surprise channel

- direction chosen on validation: sign +1 (validation raw AUC 0.840)
- test window-level AUC (malicious vs benign cells): 0.835 (KL variant 0.807)
- test host-level AUC: surprise 1.000 vs supervised risk 1.000

## Integrity checks

- **split integrity (temporal)** - OK: no overlap  `{'issues': []}`
- **schedule-only probe (hour, weekday, elapsed time)** - CAUTION: timing carries part of the signal  `{'schedule_ap': 0.51, 'prevalence': 0.2372, 'model_ap': 0.9063, 'schedule_share_of_lift': 0.4077}`
- **capture-identity probe** - reported for context: which capture you are in carries this much signal  `{'identity_ap': 0.2383, 'prevalence': 0.2372}`
- **label-permutation test of test PR-AUC** - OK: p < 0.00498 (signal above label-permuted chance)  `{'observed_ap': 0.9075, 'null_mean': 0.2385, 'null_p99': 0.253, 'p_value': 0.005}`
- **no-peeking gradient test** - OK: imagination never touches observations (and the check can fail)  `{'encoder_grad_detached': 0.0, 'encoder_grad_wired': 10826.7998}`
- **out-of-distribution benign (flash crowd x5; novel values in ['rst_ratio', 'retrans_rate', 'psh_ratio'])** - OK: risk channel s
PIPELINE_DONE
